============================= test session starts =============================
platform win32 -- Python 3.14.2, pytest-9.0.2, pluggy-1.6.0 -- C:\Python314\python.exe
cachedir: .pytest_cache
rootdir: B:\Open_Source\soul_sence_Exam\SOUL_SENSE_EXAM
configfile: pytest.ini
plugins: anyio-4.12.1, cov-7.0.0, mock-3.15.1
collecting ... collected 8 items

tests/test_exam_service.py::test_session_initialization PASSED           [ 12%]
tests/test_exam_service.py::test_start_exam PASSED                       [ 25%]
tests/test_exam_service.py::test_get_current_question PASSED             [ 37%]
tests/test_exam_service.py::test_submit_answer_valid FAILED              [ 50%]
tests/test_exam_service.py::test_submit_answer_invalid PASSED            [ 62%]
tests/test_exam_service.py::test_exam_completion_flow PASSED             [ 75%]
tests/test_exam_service.py::test_timing_tracking PASSED                  [ 87%]
tests/test_exam_service.py::test_go_back_and_overwrite PASSED            [100%]

================================== FAILURES ===================================
__________________________ test_submit_answer_valid ___________________________

mock_conn = <MagicMock name='get_connection' id='2206775768608'>
exam_session = <app.services.exam_service.ExamSession object at 0x00000201CE23C2B0>

    @patch('app.services.exam_service.get_connection')
    def test_submit_answer_valid(mock_conn, exam_session):
        exam_session.start_exam()
    
        # Mock DB cursor for _save_response_to_db
        mock_cursor = MagicMock()
        mock_conn.return_value.cursor.return_value = mock_cursor
    
        # Submit valid answer (1-4)
        exam_session.submit_answer(3)
    
        assert len(exam_session.responses) == 1
        assert exam_session.responses[0] == 3
        assert exam_session.current_question_index == 1
    
        # Verify progress: (current_q_num, total, pct)
        # After answering 1, we are on index 1 (which is 2nd question)
        prog = exam_session.get_progress()
>       assert prog == (2, 3, 100.0/3)
E       AssertionError: assert (2, 3, 33.33333333333333) == (2, 3, 33.333333333333336)
E         
E         At index 2 diff: 33.33333333333333 != 33.333333333333336
E         
E         Full diff:
E           (
E               2,
E               3,...
E         
E         ...Full output truncated (4 lines hidden), use '-vv' to show

tests\test_exam_service.py:58: AssertionError
---------------------------- Captured stderr call -----------------------------
INFO:app.services.exam_service:Exam session started for user: testuser
------------------------------ Captured log call ------------------------------
INFO     app.services.exam_service:exam_service.py:55 Exam session started for user: testuser
============================== warnings summary ===============================
tests/test_exam_service.py::test_submit_answer_valid
tests/test_exam_service.py::test_exam_completion_flow
tests/test_exam_service.py::test_exam_completion_flow
tests/test_exam_service.py::test_exam_completion_flow
tests/test_exam_service.py::test_timing_tracking
tests/test_exam_service.py::test_go_back_and_overwrite
tests/test_exam_service.py::test_go_back_and_overwrite
  B:\Open_Source\soul_sence_Exam\SOUL_SENSE_EXAM\app\services\exam_service.py:242: DeprecationWarning: datetime.datetime.utcnow() is deprecated and scheduled for removal in a future version. Use timezone-aware objects to represent datetimes in UTC: datetime.datetime.now(datetime.UTC).
    (self.username, q_id, answer_value, self.age_group, datetime.utcnow().isoformat())

tests/test_exam_service.py::test_exam_completion_flow
  B:\Open_Source\soul_sence_Exam\SOUL_SENSE_EXAM\app\services\exam_service.py:197: DeprecationWarning: datetime.datetime.utcnow() is deprecated and scheduled for removal in a future version. Use timezone-aware objects to represent datetimes in UTC: datetime.datetime.now(datetime.UTC).
    timestamp = datetime.utcnow().isoformat()

-- Docs: https://docs.pytest.org/en/stable/how-to/capture-warnings.html
=========================== short test summary info ===========================
FAILED tests/test_exam_service.py::test_submit_answer_valid - AssertionError:...
=================== 1 failed, 7 passed, 8 warnings in 7.54s ===================
